---
source: analyzer/tests/errors.rs
expression: errstr

---


TypeError on line 3
return [31mx + y[0m
