---
source: analyzer/tests/errors.rs
expression: "error_string(&path, &src)"

---
error: function body is missing a return or revert statement
  ┌─ tests/fixtures/errors/missing_return.fe:4:13
  │
4 │     pub def bar() -> u256:
  │             ^^^      ---- expected function to return `u256`
  │             │         
  │             all paths of this function must `return` or `revert`


