---
source: analyzer/tests/errors.rs
expression: "error_string(\"[snippet]\", &src_str)"

---
error: literal out of range for `u256`
  ┌─ [snippet]:3:4
  │
3 │   -115792089237316195423570985008687907853269984665640564039457584007913129639936
  │    ^^^^^^^^^^^^^^^^^^^^^^^^^^^^^^^^^^^^^^^^^^^^^^^^^^^^^^^^^^^^^^^^^^^^^^^^^^^^^^ does not fit into type `u256`


