---
source: analyzer/tests/errors.rs
expression: "error_string(&path, &src)"

---


UndefinedValue on line 3
[31mself.doesnt_exist()[0m
