---
source: analyzer/tests/errors.rs
expression: "error_string(&path, &src)"

---


AlreadyDefined on line 6
pub def bar():
        pass
