---
source: analyzer/tests/errors.rs
expression: "error_string(&path, &src)"

---


UndefinedValue on line 6
[31mself.my_sto_tuple.iteo0[0m
