---
source: analyzer/tests/errors.rs
expression: "error_string(&path, &src)"

---


UndefinedValue on line 7
[31mthingy.doesnt_exist()[0m
