---
source: analyzer/tests/errors.rs
expression: "error_string(&path, &src)"

---


AlreadyDefined on line 5
event MyEvent:
        idx addr1: address
